WARNING: tb_chip_rtl.v:31: $readmemh(stim.hex): Not enough words in the file for the requested range [0:65535].
                  25 WARNING: Writing and reading addr0=000000000 and addr1=000000000 simultaneously!
                  25 WARNING: Writing and reading addr0=000000000 and addr1=000000000 simultaneously!
                  25 WARNING: Writing and reading addr0=000000000 and addr1=000000000 simultaneously!
                  35 WARNING: Writing and reading addr0=000000000 and addr1=000000000 simultaneously!
                  35 WARNING: Writing and reading addr0=000000000 and addr1=000000000 simultaneously!
                  35 WARNING: Writing and reading addr0=000000000 and addr1=000000000 simultaneously!
                  45 WARNING: Writing and reading addr0=000000000 and addr1=000000000 simultaneously!
                  45 WARNING: Writing and reading addr0=000000000 and addr1=000000000 simultaneously!
                  45 WARNING: Writing and reading addr0=000000000 and addr1=000000000 simultaneously!
                  55 WARNING: Writing and reading addr0=000000000 and addr1=000000000 simultaneously!
                  55 WARNING: Writing and reading addr0=000000000 and addr1=000000000 simultaneously!
                  55 WARNING: Writing and reading addr0=000000000 and addr1=000000000 simultaneously!
                  65 WARNING: Writing and reading addr0=000000000 and addr1=000000000 simultaneously!
                  65 WARNING: Writing and reading addr0=000000000 and addr1=000000000 simultaneously!
                  65 WARNING: Writing and reading addr0=000000000 and addr1=000000000 simultaneously!
                  75 WARNING: Writing and reading addr0=000000000 and addr1=000000000 simultaneously!
                  75 WARNING: Writing and reading addr0=000000000 and addr1=000000000 simultaneously!
                  75 WARNING: Writing and reading addr0=000000000 and addr1=000000000 simultaneously!
chip ready (memory clear done), ping ok
WARNING: tb_chip_rtl.v:36: $readmemh(emb.hex): Not enough words in the file for the requested range [0:4095].
u_emb: 64 words written over UART, 0 wrong in SRAM
WARNING: tb_chip_rtl.v:45: $readmemh(emb1.hex): Not enough words in the file for the requested range [0:4095].
u_emb1: 64 words written over UART, 0 wrong in SRAM
WARNING: tb_chip_rtl.v:54: $readmemh(emb2.hex): Not enough words in the file for the requested range [0:4095].
u_emb2: 64 words written over UART, 0 wrong in SRAM
WARNING: tb_chip_rtl.v:63: $readmemh(w0.hex): Not enough words in the file for the requested range [0:4095].
              710505 WARNING: Writing and reading addr0=000000000 and addr1=000000000 simultaneously!
u_w0: 64 words written over UART, 0 wrong in SRAM
WARNING: tb_chip_rtl.v:74: $readmemh(w1.hex): Not enough words in the file for the requested range [0:4095].
              942825 WARNING: Writing and reading addr0=000000000 and addr1=000000000 simultaneously!
u_w1: 64 words written over UART, 0 wrong in SRAM
             1175145 WARNING: Writing and reading addr0=000000000 and addr1=000000000 simultaneously!
u_w2: 64 words written over UART, 0 wrong in SRAM
             1407465 WARNING: Writing and reading addr0=000000000 and addr1=000000000 simultaneously!
u_w3: 64 words written over UART, 0 wrong in SRAM
             1641445 WARNING: Writing and reading addr0=000000000 and addr1=000000000 simultaneously!
             1641445 WARNING: Writing and reading addr0=000000000 and addr1=000000000 simultaneously!
             1641445 WARNING: Writing and reading addr0=000000000 and addr1=000000000 simultaneously!
             1669555 WARNING: Writing and reading addr0=011000110 and addr1=011000110 simultaneously!
             1669555 WARNING: Writing and reading addr0=011000110 and addr1=011000110 simultaneously!
             1669555 WARNING: Writing and reading addr0=011000110 and addr1=011000110 simultaneously!
             1707945 WARNING: Writing and reading addr0=100111111 and addr1=100111111 simultaneously!
             1707945 WARNING: Writing and reading addr0=100111111 and addr1=100111111 simultaneously!
             1707945 WARNING: Writing and reading addr0=100111111 and addr1=100111111 simultaneously!
             1757495 WARNING: Writing and reading addr0=101010101 and addr1=101010101 simultaneously!
             1757495 WARNING: Writing and reading addr0=101010101 and addr1=101010101 simultaneously!
             1757495 WARNING: Writing and reading addr0=101010101 and addr1=101010101 simultaneously!
             1804185 WARNING: Writing and reading addr0=111100001 and addr1=111100001 simultaneously!
             1804185 WARNING: Writing and reading addr0=111100001 and addr1=111100001 simultaneously!
             1804185 WARNING: Writing and reading addr0=111100001 and addr1=111100001 simultaneously!
             1845095 WARNING: Writing and reading addr0=001100011 and addr1=001100011 simultaneously!
             1845095 WARNING: Writing and reading addr0=001100011 and addr1=001100011 simultaneously!
             1845095 WARNING: Writing and reading addr0=001100011 and addr1=001100011 simultaneously!
             1885345 WARNING: Writing and reading addr0=011001110 and addr1=011001110 simultaneously!
             1885345 WARNING: Writing and reading addr0=011001110 and addr1=011001110 simultaneously!
             1885345 WARNING: Writing and reading addr0=011001110 and addr1=011001110 simultaneously!
             1924935 WARNING: Writing and reading addr0=111010101 and addr1=111010101 simultaneously!
             1924935 WARNING: Writing and reading addr0=111010101 and addr1=111010101 simultaneously!
             1924935 WARNING: Writing and reading addr0=111010101 and addr1=111010101 simultaneously!
             1975545 WARNING: Writing and reading addr0=010100101 and addr1=010100101 simultaneously!
             1975545 WARNING: Writing and reading addr0=010100101 and addr1=010100101 simultaneously!
             1975545 WARNING: Writing and reading addr0=010100101 and addr1=010100101 simultaneously!
             2022755 WARNING: Writing and reading addr0=111001101 and addr1=111001101 simultaneously!
             2022755 WARNING: Writing and reading addr0=111001101 and addr1=111001101 simultaneously!
             2022755 WARNING: Writing and reading addr0=111001101 and addr1=111001101 simultaneously!
             2069265 WARNING: Writing and reading addr0=111100011 and addr1=111100011 simultaneously!
             2069265 WARNING: Writing and reading addr0=111100011 and addr1=111100011 simultaneously!
             2069265 WARNING: Writing and reading addr0=111100011 and addr1=111100011 simultaneously!
             2118815 WARNING: Writing and reading addr0=110001001 and addr1=110001001 simultaneously!
             2118815 WARNING: Writing and reading addr0=110001001 and addr1=110001001 simultaneously!
             2118815 WARNING: Writing and reading addr0=110001001 and addr1=110001001 simultaneously!
             2165405 WARNING: Writing and reading addr0=110100110 and addr1=110100110 simultaneously!
             2165405 WARNING: Writing and reading addr0=110100110 and addr1=110100110 simultaneously!
             2165405 WARNING: Writing and reading addr0=110100110 and addr1=110100110 simultaneously!
             2218495 WARNING: Writing and reading addr0=001000011 and addr1=001000011 simultaneously!
             2218495 WARNING: Writing and reading addr0=001000011 and addr1=001000011 simultaneously!
             2218495 WARNING: Writing and reading addr0=001000011 and addr1=001000011 simultaneously!
             2268645 WARNING: Writing and reading addr0=111011101 and addr1=111011101 simultaneously!
             2268645 WARNING: Writing and reading addr0=111011101 and addr1=111011101 simultaneously!
             2268645 WARNING: Writing and reading addr0=111011101 and addr1=111011101 simultaneously!
             2317355 WARNING: Writing and reading addr0=001101101 and addr1=001101101 simultaneously!
             2317355 WARNING: Writing and reading addr0=001101101 and addr1=001101101 simultaneously!
             2317355 WARNING: Writing and reading addr0=001101101 and addr1=001101101 simultaneously!
             2363965 WARNING: Writing and reading addr0=101010001 and addr1=101010001 simultaneously!
             2363965 WARNING: Writing and reading addr0=101010001 and addr1=101010001 simultaneously!
             2363965 WARNING: Writing and reading addr0=101010001 and addr1=101010001 simultaneously!
             2412875 WARNING: Writing and reading addr0=101011011 and addr1=101011011 simultaneously!
             2412875 WARNING: Writing and reading addr0=101011011 and addr1=101011011 simultaneously!
             2412875 WARNING: Writing and reading addr0=101011011 and addr1=101011011 simultaneously!
             2460605 WARNING: Writing and reading addr0=010100000 and addr1=010100000 simultaneously!
             2460605 WARNING: Writing and reading addr0=010100000 and addr1=010100000 simultaneously!
             2460605 WARNING: Writing and reading addr0=010100000 and addr1=010100000 simultaneously!
             2508855 WARNING: Writing and reading addr0=011101011 and addr1=011101011 simultaneously!
             2508855 WARNING: Writing and reading addr0=011101011 and addr1=011101011 simultaneously!
             2508855 WARNING: Writing and reading addr0=011101011 and addr1=011101011 simultaneously!
PASS: chip pins only; 20 tokens over UART
tb_chip_rtl.v:121: $finish called at 2553945000 (1ps)
chip vs golden: 20 tokens, 0 mismatches, acc 36.8%
